name,sequence,start_codon,start_position,expression,RBS_distance_bp,dG_total,dG_rRNA:mRNA,dG_mRNA,dG_spacing,dG_standby,dG_start_codon
unnamed,TTCTAGAAAAAAAATAAGGAGGTAAAATGGCGAGCTCTGAAGACGTTATCAAAGAGTTCATGCGTTTCAAAGTTCGTATG,ATG,27,6409.905,3,-3.7158,-15.981,-8.2,5.2592,0.0,-1.194
unnamed,TTCTAGAAAAAAAATAAGGAGGTAAAATGGCGAGCTCTGAAGACGTTATCAAAGAGTTCATGCGTTTCAAAGTTCGTATG,ATG,60,0.0558,1,25.4101,-4.381,-13.8,17.1851,0.0,-1.194
unnamed,TTCTAGAAAAAAAATAAGGAGGTAAAATGGCGAGCTCTGAAGACGTTATCAAAGAGTTCATGCGTTTCAAAGTTCGTATG,ATG,78,571.1179,4,2.3289,-0.681,-4.2,0.0039,0.0,-1.194
