name,anti-Shine-Dalgarno,sequence,start_codon,start_position,expression,RBS_distance_bp,dG_total,dG_rRNA:mRNA,dG_mRNA,dG_spacing,dG_standby,dG_start_codon
first_sequence,ACCTCCTTA,TTCTAGActttaatttaacgtaaataaggaagtcattATGGCGAGCTCTGAAGACGTTATCAAAGAGTTCATGCGTTTCAAAGTTCGTATGGA,ATG,38,643.9384,4,2.0289,-8.381,-11.6,0.0039,0.0,-1.194
first_sequence,ACCTCCTTA,TTCTAGActttaatttaacgtaaataaggaagtcattATGGCGAGCTCTGAAGACGTTATCAAAGAGTTCATGCGTTTCAAAGTTCGTATGGA,ATG,71,0.0558,1,25.4101,-4.381,-13.8,17.1851,0.0,-1.194
first_sequence,ACCTCCTTA,TTCTAGActttaatttaacgtaaataaggaagtcattATGGCGAGCTCTGAAGACGTTATCAAAGAGTTCATGCGTTTCAAAGTTCGTATGGA,ATG,89,227.5882,4,4.6289,-0.681,-6.5,0.0039,0.0,-1.194
second_sequence,TCTGAAGAC,TTCTAGActttaatttaacgtaaataaggaagtcattATGGCGAGCTCTGAAGACGTTATCAAAGAGTTCATGCGTTTCAAAGTTCGTATGGA,ATG,38,34.6638,7,9.3332,-1.881,-11.6,0.8082,0.0,-1.194
second_sequence,TCTGAAGAC,TTCTAGActttaatttaacgtaaataaggaagtcattATGGCGAGCTCTGAAGACGTTATCAAAGAGTTCATGCGTTTCAAAGTTCGTATGGA,ATG,71,40.1662,6,8.9649,-3.981,-13.8,0.3399,0.0,-1.194
second_sequence,TCTGAAGAC,TTCTAGActttaatttaacgtaaataaggaagtcattATGGCGAGCTCTGAAGACGTTATCAAAGAGTTCATGCGTTTCAAAGTTCGTATGGA,ATG,89,460.8985,6,2.8649,-3.381,-6.5,0.3399,-0.6,-1.194
sequence_3,CCCCCCCCC,TTCTAGActttaatttaacgtaaataaggaagtcattATGGCGAGCTCTGAAGACGTTATCAAAGAGTTCATGCGTTTCAAAGTTCGTATGGA,ATG,38,44.2111,5,8.725,-1.681,-11.6,0.0,0.0,-1.194
sequence_3,CCCCCCCCC,TTCTAGActttaatttaacgtaaataaggaagtcattATGGCGAGCTCTGAAGACGTTATCAAAGAGTTCATGCGTTTCAAAGTTCGTATGGA,ATG,71,0.0017,22,34.1706,-1.681,-13.8,23.2456,0.0,-1.194
