name,sequence,start_codon,start_position,expression,RBS_distance_bp,dG_total,dG_rRNA:mRNA,dG_mRNA,dG_spacing,dG_standby,dG_start_codon
seq1_set1,TTCTAGAAAAAAAATAAGGAGGTATGGCGAGCTCTGAAGACGTTATCAAAGAGTTCATGCGTTTCAAAGTTCGTATGGAA,ATG,24,53.8087,0,8.2339,-15.981,-8.2,17.2089,0.0,-1.194
seq2_set1,TTCTAGAAAAAAAATAAGGAGGTAATGGCGAGCTCTGAAGACGTTATCAAAGAGTTCATGCGTTTCAAAGTTCGTATGGA,ATG,25,54.3225,1,8.2101,-15.981,-8.2,17.1851,0.0,-1.194
seq3_set1,TTCTAGAAAAAAAATAAGGAGGTAAATGGCGAGCTCTGAAGACGTTATCAAAGAGTTCATGCGTTTCAAAGTTCGTATGG,ATG,26,72.9191,2,7.4741,-15.981,-8.2,16.4491,0.0,-1.194
seq4_set1,TTCTAGAAAAAAAATAAGGAGGTAAAATGGCGAGCTCTGAAGACGTTATCAAAGAGTTCATGCGTTTCAAAGTTCGTATG,ATG,27,6409.905,3,-3.7158,-15.981,-8.2,5.2592,0.0,-1.194
seq5_set1,TTCTAGAAAAAAAATAAGGAGGTAAAAATGGCGAGCTCTGAAGACGTTATCAAAGAGTTCATGCGTTTCAAAGTTCGTAT,ATG,28,52463.8398,4,-8.9711,-15.981,-8.2,0.0039,0.0,-1.194
seq6_set1,TTCTAGAAAAAAAATAAGGAGGTAAAAAATGGCGAGCTCTGAAGACGTTATCAAAGAGTTCATGCGTTTCAAAGTTCGTA,ATG,29,52544.714,5,-8.975,-15.981,-8.2,0.0,0.0,-1.194
seq7_set1,TTCTAGAAAAAAAATAAGGAGGTAAAAAAATGGCGAGCTCTGAAGACGTTATCAAAGAGTTCATGCGTTTCAAAGTTCGT,ATG,30,45865.4203,6,-8.6351,-15.981,-8.2,0.3399,0.0,-1.194
seq8_set1,TTCTAGAAAAAAAATAAGGAGGTAAAAAAAATGGCGAGCTCTGAAGACGTTATCAAAGAGTTCATGCGTTTCAAAGTTCG,ATG,31,38030.1346,7,-8.1668,-15.981,-8.2,0.8082,0.0,-1.194
seq9_set1,TTCTAGAAAAAAAATAAGGAGGTAAAAAAAAATGGCGAGCTCTGAAGACGTTATCAAAGAGTTCATGCGTTTCAAAGTTC,ATG,32,29954.1145,8,-7.5701,-15.981,-8.2,1.4049,0.0,-1.194
seq10_set1,TTCTAGAAAAAAAATAAGGAGGTAAAAAAAAAATGGCGAGCTCTGAAGACGTTATCAAAGAGTTCATGCGTTTCAAAGTT,ATG,33,22411.5168,9,-6.8449,-15.981,-8.2,2.1301,0.0,-1.194
seq11_set1,TTCTAGAAAAAAAATAAGGAGGTAAAAAAAAAAATGGCGAGCTCTGAAGACGTTATCAAAGAGTTCATGCGTTTCAAAGT,ATG,34,15928.4,10,-5.9913,-15.981,-8.2,2.9837,0.0,-1.194
seq12_set1,TTCTAGAAAAAAAATAAGGAGGTAAAAAAAAAAAAATGGCGAGCTCTGAAGACGTTATCAAAGAGTTCATGCGTTTCAAA,ATG,36,6896.5578,12,-3.8987,-15.981,-8.2,5.0763,0.0,-1.194
seq13_set1,TTCTAGAAAAAAAATAAGGAGGTAAAAAAAAAAAAAAAATGGCGAGCTCTGAAGACGTTATCAAAGAGTTCATGCGTTTC,ATG,39,1632.4245,15,-0.2965,-14.981,-6.7,9.1785,0.0,-1.194
seq14_set2,TTCTAGAGAAAGACAGGACCCACTAGTATGGCGAGCTCTGAAGACGTTATCAAAGAGTTCATGCGTTTCAAAGTTCGTATGGA,ATG,28,744.8687,6,1.6649,-6.481,-9.0,0.3399,0.0,-1.194
seq15_set2,TTCTAGAGAAAGAAGGGACAGACTAGTATGGCGAGCTCTGAAGACGTTATCAAAGAGTTCATGCGTTTCAAAGTTCGTATGGA,ATG,28,1111.2415,6,0.6649,-7.481,-9.0,0.3399,0.0,-1.194
seq16_set2,TTCTAGAGAAAGAAGAGACTCACTAGTATGGCGAGCTCTGAAGACGTTATCAAAGAGTTCATGCGTTTCAAAGTTCGTATGGA,ATG,28,218.5715,8,4.7299,-5.481,-9.9,1.4049,-0.1,-1.194
seq17_set2,TTCTAGAGAAAGAAGGGATACACTAGTATGGCGAGCTCTGAAGACGTTATCAAAGAGTTCATGCGTTTCAAAGTTCGTATGGA,ATG,28,715.6602,6,1.7649,-7.581,-10.2,0.3399,0.0,-1.194
seq18_set2,TTCTAGAGAAAGACGCGAGAAACTAGTATGGCGAGCTCTGAAGACGTTATCAAAGAGTTCATGCGTTTCAAAGTTCGTATGGA,ATG,28,585.9257,6,2.2649,-5.481,-8.6,0.3399,0.0,-1.194
seq19_set2,TTCTAGAGAAAGAAACGACATACTAGTATGGCGAGCTCTGAAGACGTTATCAAAGAGTTCATGCGTTTCAAAGTTCGTATGGA,ATG,28,100.7944,6,6.6649,-2.881,-9.6,0.3399,-0.8,-1.194
seq20_set2,TTCTAGAaaatgtcaattttgctactggccttacaatATGGCGAGCTCTGAAGACGTTATCAAAGAGTTCATGCGTTTCAAAGTTCGTATGGA,ATG,38,68.6487,5,7.625,-2.881,-10.5,0.0,-1.2,-1.194
seq21_set2,TTCTAGAaacttccgttaatcagttataaggtggattATGGCGAGCTCTGAAGACGTTATCAAAGAGTTCATGCGTTTCAAAGTTCGTATGGA,ATG,38,340.0536,5,3.625,-4.981,-9.8,0.0,0.0,-1.194
seq22_set2,TTCTAGActttaatttaacgtaaataaggaagtcattATGGCGAGCTCTGAAGACGTTATCAAAGAGTTCATGCGTTTCAAAGTTCGTATGGA,ATG,38,643.9384,4,2.0289,-8.381,-11.6,0.0039,0.0,-1.194
seq23_set2,TTCTAGAattaaagAGGAgaaatagcATGGCGAGCTCTGAAGACGTTATCAAAGAGTTCATGCGTTTCAAAGTTCGTATGGA,ATG,27,7702.4921,5,-4.175,-11.581,-8.6,0.0,0.0,-1.194
seq24_set2,TTCTAGAattaaagAGGAgatagcATGGCGAGCTCTGAAGACGTTATCAAAGAGTTCATGCGTTTCAAAGTTCGTATGGA,ATG,25,1795.9031,6,-0.5351,-8.281,-8.6,0.3399,0.0,-1.194
seq25_set2,TTCTAGAattaaagAGGAgaaattattagcATGGCGAGCTCTGAAGACGTTATCAAAGAGTTCATGCGTTTCAAAGTTCGTATGGA,ATG,31,3285.2882,9,-2.0449,-11.581,-8.6,2.1301,0.0,-1.194
seq26_set2,TTCTAGAattaaagAGGAgaaattataatagcATGGCGAGCTCTGAAGACGTTATCAAAGAGTTCATGCGTTTCAAAGTTCGTATGGA,ATG,33,1576.3818,11,-0.2092,-11.581,-8.6,3.9658,0.0,-1.194
seq27_set2,TTCTAGAattaaTAAGGAGGaattaagcATGGCGAGCTCTGAAGACGTTATCAAAGAGTTCATGCGTTTCAAAGTTCGTATGGA,ATG,29,12913.9876,7,-5.4668,-14.681,-9.6,0.8082,0.0,-1.194
seq28_set2,TTCTAGAattaaTAAGGAGGaatagcATGGCGAGCTCTGAAGACGTTATCAAAGAGTTCATGCGTTTCAAAGTTCGTATGGA,ATG,27,31237.892,5,-7.675,-14.681,-8.2,0.0,0.0,-1.194
seq29_set2,TTCTAGAattaaTAAGGAGGaattattagcATGGCGAGCTCTGAAGACGTTATCAAAGAGTTCATGCGTTTCAAAGTTCGTATGGA,ATG,31,5986.411,9,-3.5449,-14.681,-10.2,2.1301,0.0,-1.194
seq30_set2,TTCTAGAattaaTGAGGAAAaattaagcATGGCGAGCTCTGAAGACGTTATCAAAGAGTTCATGCGTTTCAAAGTTCGTATGGA,ATG,29,817.2075,7,1.4332,-8.781,-10.6,0.8082,0.0,-1.194
seq31_set2,TTCTAGAattaaATAGGACAaattaagcATGGCGAGCTCTGAAGACGTTATCAAAGAGTTCATGCGTTTCAAAGTTCGTATGGA,ATG,29,382.1623,7,3.3332,-6.381,-10.1,0.8082,0.0,-1.194
seq32_set2,TTCTAGAattaaTTAGGAGCaattaagcATGGCGAGCTCTGAAGACGTTATCAAAGAGTTCATGCGTTTCAAAGTTCGTATGGA,ATG,29,850.5605,7,1.3332,-8.981,-10.7,0.8082,0.0,-1.194
seq33_set2,TTCTAGAattaaGGAGGATAaattaagcATGGCGAGCTCTGAAGACGTTATCAAAGAGTTCATGCGTTTCAAAGTTCGTATGGA,ATG,29,7752.8341,10,-4.1913,-14.581,-8.6,2.9837,0.0,-1.194
seq34_set2,TTCTAGAattaaGAAGGACTaattaagcATGGCGAGCTCTGAAGACGTTATCAAAGAGTTCATGCGTTTCAAAGTTCGTATGGA,ATG,29,1374.6104,7,0.1332,-7.881,-8.4,0.8082,0.0,-1.194
seq35_set2,TTCTAGAattaaTGAGGATAaattaagcATGGCGAGCTCTGAAGACGTTATCAAAGAGTTCATGCGTTTCAAAGTTCGTATGGA,ATG,29,754.3738,7,1.6332,-8.581,-10.6,0.8082,0.0,-1.194
seq36_set2,TTCTAGAattaaTCAGGATCaattaagcATGGCGAGCTCTGAAGACGTTATCAAAGAGTTCATGCGTTTCAAAGTTCGTATGGA,ATG,29,570.1334,7,2.3332,-6.581,-9.3,0.8082,0.0,-1.194
seq37_set2,TTCTAGAattaaACAGGATAataagcATGGCGAGCTCTGAAGACGTTATCAAAGAGTTCATGCGTTTCAAAGTTCGTATGGA,ATG,27,1223.1486,5,0.425,-6.581,-8.2,0.0,0.0,-1.194
seq38_set2,TTCTAGAattaaagaggagaaattaagcATGGCGAGCTCTGAAGACGTTATCAAAGAGTTCATGCGTTTCAAAGTTCGTATGGA,ATG,29,5574.8103,7,-3.3668,-11.581,-8.6,0.8082,0.0,-1.194
seq39_set2,TTCTAGAtcacacaggaaaccggttcgATGGCGAGCTCTGAAGACGTTATCAAAGAGTTCATGCGTTTCAAAGTTCGTATGGA,ATG,28,669.0645,7,1.9332,-7.281,-9.6,0.8082,0.0,-1.194
seq40_set2,TTCTAGAtcacacaggaaaggcctcgATGGCGAGCTCTGAAGACGTTATCAAAGAGTTCATGCGTTTCAAAGTTCGTATGGA,ATG,27,224.3332,6,4.6649,-7.381,-12.9,0.3399,0.0,-1.194
seq41_set2,TTCTAGAtcacacaggacggccggATGGCGAGCTCTGAAGACGTTATCAAAGAGTTCATGCGTTTCAAAGTTCGTATGGA,ATG,25,594.4271,4,2.2289,-8.981,-12.4,0.0039,0.0,-1.194
seq42_set3,TTCTAGAAACAAAATGAGGAGGTACTGAGATGGCGAGCTCTGAAGACGTTATCAAAGAGTTCATGCGTTTCAAAGTTCGT,ATG,30,47737.3435,6,-8.7351,-16.081,-8.2,0.3399,0.0,-1.194
seq43_set3,TTCTAGAAAGCTGATAAGGAGGTATAACGATGGCGAGCTCTGAAGACGTTATCAAAGAGTTCATGCGTTTCAAAGTTCGT,ATG,30,37550.9584,6,-8.1351,-15.981,-8.7,0.3399,0.0,-1.194
seq44_set3,TTCTAGAACAACTTAAGGAGGTATTCATGGCGAGCTCTGAAGACGTTATCAAAGAGTTCATGCGTTTCAAAGTTCGTATG,ATG,27,29966.7669,4,-7.5711,-15.881,-9.5,0.0039,0.0,-1.194
seq45_set3,TTCTAGAAAAGTAAGGAGGTGCGGCTATGGCGAGCTCTGAAGACGTTATCAAAGAGTTCATGCGTTTCAAAGTTCGTATG,ATG,27,26197.8224,6,-7.2351,-15.881,-9.5,0.3399,0.0,-1.194
seq46_set3,TTCTAGACTGGTGAGGAGGTGAGAATGGCGAGCTCTGAAGACGTTATCAAAGAGTTCATGCGTTTCAAAGTTCGTATGGA,ATG,25,18542.3787,4,-6.3711,-15.981,-10.8,0.0039,0.0,-1.194
seq47_set3,TTCTAGAAAAGTAAGGAGGCGCGGCTATGGCGAGCTCTGAAGACGTTATCAAAGAGTTCATGCGTTTCAAAGTTCGTATG,ATG,27,15574.6351,6,-5.9351,-14.581,-9.5,0.3399,0.0,-1.194
seq48_set3,TTCTAGACACAGAAAAAGGAGGGTCGCGATGGCGAGCTCTGAAGACGTTATCAAAGAGTTCATGCGTTTCAAAGTTCGTA,ATG,29,11491.0566,5,-5.175,-15.181,-10.6,0.0,-0.6,-1.194
seq49_set3,TTCTAGAAGGAGGTTTGGAATGGCGAGCTCTGAAGACGTTATCAAAGAGTTCATGCGTTTCAAAGTTCGTATGGAAGGTT,ATG,20,9039.049,5,-4.575,-14.881,-11.5,0.0,0.0,-1.194
seq50_set3,TTCTAGATGGGGAGTGTAAAATGGCGAGCTCTGAAGACGTTATCAAAGAGTTCATGCGTTTCAAAGTTCGTATGGAAGGT,ATG,21,7389.0641,4,-4.0711,-11.481,-8.6,0.0039,0.0,-1.194
seq51_set3,TTCTAGAGGGGGTTAACAAGATGGCGAGCTCTGAAGACGTTATCAAAGAGTTCATGCGTTTCAAAGTTCGTATGGAAGGT,ATG,21,15773.3782,7,-5.9668,-14.281,-8.7,0.8082,0.0,-1.194
seq52_set3,TTCTAGAAGCGAGGAGGCAGTCGATGGCGAGCTCTGAAGACGTTATCAAAGAGTTCATGCGTTTCAAAGTTCGTATGGAA,ATG,24,12448.1756,5,-5.375,-14.281,-10.1,0.0,0.0,-1.194
seq53_set3,TTCTAGATAGGGGGCGGTACATGGCGAGCTCTGAAGACGTTATCAAAGAGTTCATGCGTTTCAAAGTTCGTATGGAAGGT,ATG,21,4579.1403,5,-2.875,-11.781,-10.1,0.0,0.0,-1.194
seq54_set3,TTCTAGAGATAAGTGAAGGAGGCCCGGCCATGGCGAGCTCTGAAGACGTTATCAAAGAGTTCATGCGTTTCAAAGTTCGT,ATG,30,6459.7355,6,-3.7351,-14.181,-11.3,0.3399,0.0,-1.194
seq55_set3,TTCTAGAGGAGGATAACCACTATGGCGAGCTCTGAAGACGTTATCAAAGAGTTCATGCGTTTCAAAGTTCGTATGGAAGG,ATG,22,8001.1381,8,-4.2701,-14.481,-10.0,1.4049,0.0,-1.194
seq56_set3,TTCTAGAGATAAGTGAAGGAGGCCGGCCATGGCGAGCTCTGAAGACGTTATCAAAGAGTTCATGCGTTTCAAAGTTCGTA,ATG,29,3325.0715,5,-2.075,-14.181,-13.3,0.0,0.0,-1.194
seq57_set3,TTCTAGAACACTAAGGAGACCAACTTGCATGGCGAGCTCTGAAGACGTTATCAAAGAGTTCATGCGTTTCAAAGTTCGTA,TTG,25,7241.2932,4,-4.0206,-11.581,-7.6,0.0039,0.0,-0.0435
seq58_set3,TTCTAGAAAGTTAAGAGGCAAGAATGGCGAGCTCTGAAGACGTTATCAAAGAGTTCATGCGTTTCAAAGTTCGTATGGAA,ATG,24,2054.2703,4,-0.8711,-8.281,-8.6,0.0039,0.0,-1.194
seq59_set3,TTCTAGATTAACTGGGGGCTATCATGGCGAGCTCTGAAGACGTTATCAAAGAGTTCATGCGTTTCAAAGTTCGTATGGAA,ATG,24,886.8033,4,1.2289,-10.881,-13.3,0.0039,0.0,-1.194
seq60_set3,TTCTAGATGAGAATAAGGTTATGGCGAGCTCTGAAGACGTTATCAAAGAGTTCATGCGTTTCAAAGTTCGTATGGAAGGT,ATG,21,643.9384,4,2.0289,-5.281,-8.5,0.0039,0.0,-1.194
seq61_set3,TTCTAGATAAGCAGGACCGGCGGCGATGGCGAGCTCTGAAGACGTTATCAAAGAGTTCATGCGTTTCAAAGTTCGTATGG,ATG,26,660.6343,6,1.9649,-7.381,-10.2,0.3399,0.0,-1.194
seq62_set3,TTCTAGAAACCTCAAGGAATTCCCTATGGCGAGCTCTGAAGACGTTATCAAAGAGTTCATGCGTTTCAAAGTTCGTATGG,ATG,26,726.044,4,1.7289,-7.881,-10.8,0.0039,0.0,-1.194
seq63_set3,TTCTAGAGGCGACAGGCGGATCTATCCCATGGCGAGCTCTGAAGACGTTATCAAAGAGTTCATGCGTTTCAAAGTTCGTA,ATG,29,210.4132,5,4.825,-7.481,-11.8,0.0,-1.7,-1.194
seq64_set3,TTCTAGAATAAAAAGGGACGCTAATGGCGAGCTCTGAAGACGTTATCAAAGAGTTCATGCGTTTCAAAGTTCGTATGGAA,ATG,24,460.8985,6,2.8649,-5.581,-9.3,0.3399,0.0,-1.194
seq65_set3,TTCTAGAATAGAGTCGACGCATGGCGAGCTCTGAAGACGTTATCAAAGAGTTCATGCGTTTCAAAGTTCGTATGGAAGGT,ATG,21,368.3775,5,3.425,-4.881,-9.5,0.0,0.0,-1.194
seq66_set3,TTCTAGAGAGTAATATTTCACATGGCGAGCTCTGAAGACGTTATCAAAGAGTTCATGCGTTTCAAAGTTCGTATGGAAGG,ATG,22,150.3713,6,5.6649,-3.281,-9.8,0.3399,0.0,-1.194
seq67_set3,TTCTAGACGAGCTGGTACTTAAAAACATGGCGAGCTCTGAAGACGTTATCAAAGAGTTCATGCGTTTCAAAGTTCGTATG,ATG,27,220.4322,10,4.7087,-7.481,-10.4,2.9837,0.0,-1.194
seq68_set3,TTCTAGATTCGCAGGGGGAAGATGGCGAGCTCTGAAGACGTTATCAAAGAGTTCATGCGTTTCAAAGTTCGTATGGAAGG,ATG,22,210.0006,8,4.8299,-6.581,-11.2,1.4049,0.0,-1.194
seq69_set3,TTCTAGATTTCTCCCATAATAACTCGAACCATTACCGAGCTATGGCGAGCTCTGAAGACGTTATCAAAGAGTTCATGCGTTTCAAAGTTCGTATGGAAGG,ATG,42,6.9978,7,13.3332,1.719,-12.0,0.8082,0.0,-1.194
seq70_set3,TTCTAGAGGGAACGATTTAGGCCAATTATTAAAACCGACCCCATGGCGAGCTCTGAAGACGTTATCAAAGAGTTGAAGACGTTATCAAAGAGTTCATGCGTTTCAAAGTTCGTATGGAAGG,ATG,43,2.9087,16,15.5277,-1.881,-7.8,10.8027,0.0,-1.194
seq71_set4.1,TTCTAGATTAGGCCTGATCTAAGCCATTAACTTTAGTTATGGCTGAAGCGCAAAACGATCCCCTGGCGAGCTCTGAAGACGTT,ATG,39,4.9301,10,14.2087,-3.581,-12.4,2.9837,-3.6,-1.194
seq72_set4.1,TTCTAGACCAGTCGCGTACCGCTATTGGTCCAGCTACAATGGCTGAAGCGCAAAACGATCCCCTGGCGAGCTCTGAAGACGTT,ATG,39,1.5606,3,17.0842,-11.181,-16.3,5.2592,-7.9,-1.194
seq73_set4.1,TTCTAGATTCTAaaggaggAGTCCGGGATGGCTGAAGCGCAAAATGATCCCCTGATGGCGAGCTCTGAAGACGTT,ATG,28,6809.1742,7,-3.8668,-14.081,-10.6,0.8082,0.0,-1.194
seq74_set4.1,TTCTAGAAAAGGAAGTAAAGGGGATATTAATGGCTGAAGCGCAAAACGATCCCGCCGCGAGCTCTGAAGACGTT,ATG,30,2718.1141,4,-1.5711,-11.081,-9.9,0.0039,-0.8,-1.194
seq75_set4.1,TTCTAGACGTAAATAACAATTCATTCAGTCTGAAGCTAATCAATGGCTGAAGCGCAAAACGATCCCCTGGCGAGCTCTGAAGACGTT,ATG,43,120.1857,5,6.225,0.019,-7.4,0.0,0.0,-1.194
seq76_set4.1,TTCTAGAAATATTAACCGAAAGACGGAAAACCACTTCCCCATGGCTGAAGCGCAAAACGATCCCCTGGCGAGCTCTGAAGACGTT,ATG,41,401.6688,10,3.2087,-3.581,-5.0,2.9837,0.0,-1.194
seq77_set4.1,TTCTAGACTGACACAATATACGTAGAATTGGACACCACTATGGCTGAAGCGCAAAACGATCCCCTGGCGAGCTCTGAAGACGTT,ATG,40,1821.9606,4,-0.5711,-3.581,-4.2,0.0039,0.0,-1.194
seq78_set4.1,TTCTAGATATACCTATAAATCTAAGGACCTATTTTTATCTATGGCTGAAGCGCAAAACGATCCCCTGGCGAGCTCTGAAGACGTT,ATG,41,3625.5672,10,-2.2913,-7.381,-3.3,2.9837,0.0,-1.194
seq79_set4.1,TTCTAGATACCCACTTAAGGAGAGTAATATATCATGGCTGAAGCGCAAAACGATCCCCTGGCGAGCTCTGAAGACGTT,ATG,34,9674.7773,9,-4.7449,-12.081,-6.4,2.1301,0.0,-1.194
seq80_set4.1,TTCTAGACTGAAATTTACTTTGTAATAAGAGAGGAATATATGGCTGAAGCGCAAAACGATCCCCTGGCGAGCTCTGAAGACGTT,ATG,40,18570.9622,5,-6.375,-9.481,-4.3,0.0,0.0,-1.194
seq81_set4.1,TTCTAGAACAACAACAAATAAGGAGTAAATAGATGGCTGAAGCGCAAAACGATCCCCTGGCGAGCTCTGAAGACGTT,ATG,33,46602.6295,5,-8.675,-11.281,-3.8,0.0,0.0,-1.194
seq82_set4.1,TTCTAGAACCCCACGACTAAACTATAAAATAAGGAGGTACGCATGGCTGAAGCGCAAAACGATCCCCTGGCGAGCTCTGAAGACGTT,ATG,43,54605.0669,4,-9.0711,-14.981,-7.1,0.0039,0.0,-1.194
seq83_set4.2,TTCTAGAGGTATTACGTTTCAGGCCAGCGTCACCCAGATCGATGTCCAGATTAGATAAAAGTAAAGTTGCGAGCTCTGAAGACG,TTG,67,582.5394,4,2.2794,-1.181,-3.5,0.0039,0.0,-0.0435
seq84_set4.2,TTCTAGACGTTACCACGTCGGCCGAAAATCGTTTCAGCTGCCATGTCCAGATTAGATAAAAGTAAAGTTGCGAGCTCTGAAGACG,TTG,68,375.1662,4,3.3794,-0.081,-3.5,0.0039,0.0,-0.0435
seq85_set4.2,TTCTAGAGTGCAtaaggagTGCTCGATGTCCAGATTAGATAAAAGTAAAGTGATGGCGAGCTCTGAAGACG,ATG,26,9776.8629,4,-4.7711,-11.281,-7.7,0.0039,0.0,-1.194
seq86_set4.2,TTCTAGATTGATAGATAAGGACAAAGTTATGTCCAGATTAGATAAAAGTAAAGTTGCGAGCTCTGAAGACG,ATG,29,2410.7327,4,-1.2711,-10.281,-8.3,0.0039,-1.9,-1.194
seq87_set4.2,TTCTAGAGTCAAGGACCTCTTGGCGGTTATCTTAAGGCACAATGTCCAGATTAGATAAAAGTAAAGTTGCGAGCTCTGAAGACG,ATG,42,219.0009,5,4.725,-5.181,-8.1,0.0,-3.0,-1.194
seq88_set4.2,TTCTAGATGACCACCATAGGTTGGATACAAATACCACAGGATGTCCAGATTAGATAAAAGTAAAGTTGCGAGCTCTGAAGACG,ATG,41,188.397,12,5.1013,-5.981,-4.8,5.0763,-2.4,-1.194
seq89_set4.2,TTCTAGATAAGAAAACCACCCTACAAAGAAAACCCTAATTAGATGTCCAGATTAGATAAAAGTAAAGTTGCGAGCTCTGAAGACG,ATG,43,1029.8174,9,0.8551,-0.881,-0.8,2.1301,0.0,-1.194
seq90_set4.2,TTCTAGACTAGATTAGAAAGGAGGTACCACACCACAAAAGTAATGTCCAGATTAGATAAAAGTAAAGTTGCGAGCTCTGAAGACG,ATG,43,1784.7528,17,-0.5196,-13.681,-1.8,12.5554,0.0,-1.194
seq91_set4.2,TTCTAGATTAGACCTGACTAACAAGAGGTAGGGGGATCATATGTCCAGATTAGATAAAAGTAAAGTTGCGAGCTCTGAAGACG,ATG,41,14013.782,4,-5.6711,-12.281,-5.7,0.0039,-2.1,-1.194
seq92_set4.2,TTCTAGAAGAACAATACAGGAGGACAATTCGCCCTATGTCCAGATTAGATAAAAGTAAAGTTGCGAGCTCTGAAGACG,ATG,36,9537.6325,11,-4.7092,-12.781,-5.3,3.9658,0.0,-1.194
seq93_set4.2,TTCTAGATAAGTCATTCACAGAACAAACACGAGGTATCATATGTCCAGATTAGATAAAAGTAAAGTTGCGAGCTCTGAAGACG,ATG,41,30012.9614,5,-7.575,-7.881,-1.5,0.0,0.0,-1.194
seq94_set5,TTCTAGAACGACTATTTTTTCCACTATTGAGGTATAAATGGCGAGCTCTGAAGACGTTATCAAAGAGTTCATGCGTTTCAAAGT,ATG,38,818.6185,4,1.4289,-7.881,-10.5,0.0039,0.0,-1.194
seq95_set5,TTCTAGAACGACTATTTTTTCCACTATTGAGGTATAAGTGAAACCAGTAACGTTATACGGCGTCGCGAGCTCTGAAGACGTTAT,GTG,38,1669.005,4,-0.3519,-7.881,-7.6,0.0039,0.0,-0.0748
seq96_set5,TTCTAGAACACTTTACTTTTTAATTAGCAGGAGATTTAAAAAATGGCGAGCTCTGAAGACGTTATCAAAGAGTTCATGCGTTTC,ATG,43,2607.0272,7,-1.4668,-7.781,-6.7,0.8082,0.0,-1.194
seq97_set5,TTCTAGAACACTTTACTTTTTAATTAGCAGGAGATTTAAAAAGTGAAACCAGTAACGTTATACGGCGTCGCGAGCTCTGAAGAC,GTG,43,410.826,7,3.1524,-7.781,-10.2,0.8082,0.0,-0.0748
seq98_set5,TTCTAGATTCACGTCAACATTTAAGGAGGATATCGACATGGCGAGCTCTGAAGACGTTATCAAAGAGTTCATGCGTTTCAAAGT,ATG,38,12913.9876,7,-5.4668,-13.281,-8.2,0.8082,0.0,-1.194
seq99_set5,TTCTAGATTCACGTCAACATTTAAGGAGGATATCGACGTGAAACCAGTAACGTTATACGGCGTCGCGAGCTCTGAAGACGTTAT,GTG,38,1804.9041,7,-0.5476,-13.281,-12.0,0.8082,0.0,-0.0748
seq100_set5,TTCTAGACAGAAAAAATAGAATAAGGAGGTTTCACTATCATGGCGAGCTCTGAAGACGTTATCAAAGAGTTCATGCGTTTCAAA,ATG,40,27373.8322,9,-7.3449,-14.981,-6.7,2.1301,0.0,-1.194
seq101_set5,TTCTAGACAGAAAAAATAGAATAAGGAGGTTTCACTATCGTGAAACCAGTAACGTTATACGGCGTCGCGAGCTCTGAAGACGTT,GTG,40,1586.8147,9,-0.2257,-14.981,-12.7,2.1301,0.0,-0.0748
seq102_set5,TTCTAGATTCCCCCGGAAACCAATAAAAGAAGGCCATCGTCATGGCGAGCTCTGAAGACGTTATCAAAGAGTTCATGCGTTTCA,ATG,42,152.2901,7,5.6332,-5.781,-11.8,0.8082,0.0,-1.194
seq103_set5,TTCTAGATTCCCCCGGAAACCAATAAAAGAAGGCCATCGTCATGTCCAGATTAGATAAAAGTAAAGTTGCGAGCTCTGAAGACG,ATG,42,5574.8103,7,-3.3668,-5.781,-2.8,0.8082,0.0,-1.194
seq104_set5,TTCTAGATGGAGAAGCCATTAATATTAAGGAAGGTAACAATGGCGAGCTCTGAAGACGTTATCAAAGAGTTCATGCGTTTCAAA,ATG,40,3602.025,5,-2.275,-14.081,-13.0,0.0,0.0,-1.194
seq105_set5,TTCTAGATGGAGAAGCCATTAATATTAAGGAAGGTAACAATGTCCAGATTAGATAAAAGTAAAGTTGCGAGCTCTGAAGACGTT,ATG,40,91991.8209,5,-10.375,-14.081,-4.9,0.0,0.0,-1.194
seq106_set5,TTCTAGACCCACGTACCGATTAAAGGAGGCCTAGTAATGGCGAGCTCTGAAGACGTTATCAAAGAGTTCATGCGTTTCAAAGTT,ATG,37,5504.5682,6,-3.3351,-11.981,-9.5,0.3399,0.0,-1.194
seq107_set5,TTCTAGACCCACGTACCGATTAAAGGAGGCCTAGTAATGTCCAGATTAGATAAAAGTAAAGTTGCGAGCTCTGAAGACGTTATC,ATG,37,56020.8544,6,-9.1351,-11.981,-3.7,0.3399,0.0,-1.194
seq108_set5,TTCTAGAATAACCAGGGTAATAAGGAAGTACACAGACCATGGCGAGCTCTGAAGACGTTATCAAAGAGTTCATGCGTTTCAAAG,ATG,39,565.1545,9,2.3551,-8.381,-9.8,2.1301,0.0,-1.194
seq109_set5,TTCTAGAATAACCAGGGTAATAAGGAAGTACACAGACCATGTCCAGATTAGATAAAAGTAAAGTTGCGAGCTCTGAAGACGTTA,ATG,39,19877.0825,9,-6.5449,-8.381,-0.9,2.1301,0.0,-1.194
seq110_set5,TTCTAGAAAAACACCATATAAGTACAGAGAGGTAGAATATGGCGAGCTCTGAAGACGTTATCAAAGAGTTCATGCGTTTCAAAG,ATG,39,660.6343,6,1.9649,-8.981,-11.8,0.3399,0.0,-1.194
seq111_set5,TTCTAGAAAAACACCATATAAGTACAGAGAGGTAGAATATGTCCAGATTAGATAAAAGTAAAGTTGCGAGCTCTGAAGACGTTA,ATG,39,36078.4737,6,-8.0351,-8.981,-1.8,0.3399,0.0,-1.194
seq112_set5,TTCTAGAACTGTCCATAGATTTGAAAAGACCTTATCCCATGGCGAGCTCTGAAGACGTTATCAAAGAGTTCATGCGTTTCAAAG,ATG,39,146.797,5,5.725,-0.881,-7.8,0.0,0.0,-1.194
seq113_set5,TTCTAGAACTGTCCATAGATTTGAAAAGACCTTATCCCATGGCTGAAGCGCAAAACGATCCCCTGGCGAGCTCTGAAGACGTTA,ATG,39,468.3067,5,2.825,-0.881,-4.9,0.0,0.0,-1.194
seq114_set5,TTCTAGAAACCACACTCCGTTTTTAGTAGGAGACCAAAAATGGCGAGCTCTGAAGACGTTATCAAAGAGTTCATGCGTTTCAAA,ATG,40,368.3775,5,3.425,-8.781,-12.8,0.0,-0.6,-1.194
seq115_set5,TTCTAGAAACCACACTCCGTTTTTAGTAGGAGACCAAAAATGGCTGAAGCGCAAAACGATCCCCTGGCGAGCTCTGAAGACGTT,ATG,40,1618.4129,5,-0.275,-8.781,-9.1,0.0,-0.6,-1.194
seq116_set5,TTCTAGAAATTATAAACTTTCGGAACAAACGGAGTCATCAAATGGCGAGCTCTGAAGACGTTATCAAAGAGTTCATGCGTTTCA,ATG,42,698.649,5,1.825,-6.181,-9.2,0.0,0.0,-1.194
seq117_set5,TTCTAGAAATTATAAACTTTCGGAACAAACGGAGTCATCAAATGGCTGAAGCGCAAAACGATCCCCTGGCGAGCTCTGAAGACG,ATG,42,3602.025,5,-2.275,-6.181,-5.1,0.0,0.0,-1.194
seq118_set5,TTCTAGAACGATCTGCACAACTCAAAATAAGGTAGGCGGCATGGCGAGCTCTGAAGACGTTATCAAAGAGTTCATGCGTTTCAA,ATG,41,2054.2703,4,-0.8711,-9.481,-9.8,0.0039,0.0,-1.194
seq119_set5,TTCTAGAACGATCTGCACAACTCAAAATAAGGTAGGCGGCATGGCTGAAGCGCAAAACGATCCCCTGGCGAGCTCTGAAGACGT,ATG,41,8004.5178,4,-4.2711,-9.481,-6.4,0.0039,0.0,-1.194
seq120_set5,TTCTAGATTTATACATCCGACTTTAAGGAGGCGACCTCATGGCGAGCTCTGAAGACGTTATCAAAGAGTTCATGCGTTTCAAAG,ATG,39,9637.0351,6,-4.7351,-13.281,-9.4,0.3399,0.0,-1.194
seq121_set5,TTCTAGATTTATACATCCGACTTTAAGGAGGCGACCTCATGGCTGAAGCGCAAAACGATCCCCTGGCGAGCTCTGAAGACGTTA,ATG,39,37550.9584,6,-8.1351,-13.281,-6.0,0.3399,0.0,-1.194
seq122_set6,TTCTAGAAAAGTAAGGAGGCGATGGC GAGCTCTGAAGACGTTATCAAAGAGTTCATGCGTTTCAAAGTTCGTATGGA,ATG,22,15.1025,1,11.4101,-14.581,-10.0,17.1851,0.0,-1.194
seq123_set6,TTCTAGAAAAGTAAGGAGGCGCATGGC GAGCTCTGAAGACGTTATCAAAGAGTTCATGCGTTTCAAAGTTCGTATGGA,ATG,23,21.1,2,10.5741,-14.581,-9.9,16.4491,0.0,-1.194
seq124_set6,TTCTAGAAAAGTAAGGAGGCGCGATGGC GAGCTCTGAAGACGTTATCAAAGAGTTCATGCGTTTCAAAGTTCGTATGGA,ATG,24,1645.0307,3,-0.3158,-14.581,-10.2,5.2592,0.0,-1.194
seq125_set6,TTCTAGAAAAGTAAGGAGGCGCGGCATGGC GAGCTCTGAAGACGTTATCAAAGAGTTCATGCGTTTCAAAGTTCGTATGGA,ATG,26,14035.3845,5,-5.675,-14.581,-10.1,0.0,0.0,-1.194
seq126_set6,TTCTAGAAAAGTAAGGAGGCGCGGCTAATGGC GAGCTCTGAAGACGTTATCAAAGAGTTCATGCGTTTCAAAGTTCGTATGGA,ATG,28,10572.946,7,-4.9668,-14.581,-10.0,0.8082,0.0,-1.194
seq127_set6,TTCTAGAAAAGTAAGGAGGCGCGGCTAAATGGC GAGCTCTGAAGACGTTATCAAAGAGTTCATGCGTTTCAAAGTTCGTATGGA,ATG,29,8327.6917,8,-4.3701,-14.581,-10.0,1.4049,0.0,-1.194
seq128_set6,TTCTAGAAAAGTAAGGAGGCGCGGCTAAATCTATGGC GAGCTCTGAAGACGTTATCAAAGAGTTCATGCGTTTCAAAGTTCGTATGGA,ATG,33,1186.3862,12,0.5013,-14.581,-11.2,5.0763,0.0,-1.194
seq129_set6,TTCTAGAAAAGTAAGGAGGCGCGGCTAAATCTTCATGGC GAGCTCTGAAGACGTTATCAAAGAGTTCATGCGTTTCAAAGTTCGTATGGA,ATG,35,435.3151,14,3.0076,-14.581,-11.1,7.6826,0.0,-1.194
seq130_set6,TTCTAGAAAAGTAAGGAGGCGCGGCTAAATCTTCTATGGC GAGCTCTGAAGACGTTATCAAAGAGTTCATGCGTTTCAAAGTTCGTATGGA,ATG,36,269.8075,15,4.2035,-14.581,-10.8,9.1785,0.0,-1.194
seq131_set6,TTCTAGAAAAGTAAGGAGGCGCGGCTAAATCTTCTTATGGC GAGCTCTGAAGACGTTATCAAAGAGTTCATGCGTTTCAAAGTTCGTATGGA,ATG,37,53.9415,16,8.2277,-13.281,-11.9,10.8027,0.0,-1.194
seq132_set6,TTCTAGAAAAGTAAGGAGGCGCGGCTAAATCTTCTTATC ATGGC GAGCTCTGAAGACGTTATCAAAGAGTTCATGCGTTTCAAAGTTCGTATGGA,ATG,40,5.6428,19,13.8712,-13.281,-11.9,16.4462,0.0,-1.194
